renderer=llvmpipe (LLVM 20.1.2, 256 bits)
programs linked, shader-cache hits=21 misses=0
saved aircraft_lab/gear-after/swift-s6-gear-main.png, GL errors=0
saved aircraft_lab/gear-after/swift-s6-gear-nose.png, GL errors=0
saved aircraft_lab/gear-after/swift-s6-gear-main-half.png, GL errors=0
saved aircraft_lab/gear-after/swift-s6-gear-nose-half.png, GL errors=0
saved aircraft_lab/gear-after/swift-s6-gear-nose-turn.png, GL errors=0
saved aircraft_lab/gear-after/swift-s6-flight.png, GL errors=0
saved aircraft_lab/gear-after/xr14-nightjar-gear-main.png, GL errors=0
saved aircraft_lab/gear-after/xr14-nightjar-gear-nose.png, GL errors=0
saved aircraft_lab/gear-after/xr14-nightjar-gear-main-half.png, GL errors=0
saved aircraft_lab/gear-after/xr14-nightjar-gear-nose-half.png, GL errors=0
saved aircraft_lab/gear-after/xr14-nightjar-gear-nose-turn.png, GL errors=0
saved aircraft_lab/gear-after/xr14-nightjar-flight.png, GL errors=0
saved aircraft_lab/gear-after/kestrel-gear-main.png, GL errors=0
saved aircraft_lab/gear-after/kestrel-gear-nose.png, GL errors=0
saved aircraft_lab/gear-after/kestrel-gear-nose-turn.png, GL errors=0
saved aircraft_lab/gear-after/kestrel-flight.png, GL errors=0
saved aircraft_lab/gear-after/wren-gear-main.png, GL errors=0
saved aircraft_lab/gear-after/wren-gear-nose.png, GL errors=0
saved aircraft_lab/gear-after/wren-gear-nose-turn.png, GL errors=0
saved aircraft_lab/gear-after/wren-flight.png, GL errors=0
saved aircraft_lab/gear-after/bushmaster-gear-main.png, GL errors=0
saved aircraft_lab/gear-after/bushmaster-gear-nose.png, GL errors=0
saved aircraft_lab/gear-after/bushmaster-gear-nose-turn.png, GL errors=0
saved aircraft_lab/gear-after/bushmaster-flight.png, GL errors=0
saved aircraft_lab/gear-after/islander-gear-main.png, GL errors=0
saved aircraft_lab/gear-after/islander-gear-nose.png, GL errors=0
saved aircraft_lab/gear-after/islander-gear-nose-turn.png, GL errors=0
saved aircraft_lab/gear-after/islander-flight.png, GL errors=0
saved aircraft_lab/gear-after/pelican-gear-main.png, GL errors=0
saved aircraft_lab/gear-after/pelican-gear-nose.png, GL errors=0
saved aircraft_lab/gear-after/pelican-gear-nose-turn.png, GL errors=0
saved aircraft_lab/gear-after/pelican-flight.png, GL errors=0
saved aircraft_lab/gear-after/meridian-gear-main.png, GL errors=0
saved aircraft_lab/gear-after/meridian-gear-nose.png, GL errors=0
saved aircraft_lab/gear-after/meridian-gear-main-half.png, GL errors=0
saved aircraft_lab/gear-after/meridian-gear-nose-half.png, GL errors=0
saved aircraft_lab/gear-after/meridian-gear-nose-turn.png, GL errors=0
saved aircraft_lab/gear-after/meridian-flight.png, GL errors=0
saved aircraft_lab/gear-after/starling-gear-main.png, GL errors=0
saved aircraft_lab/gear-after/starling-gear-nose.png, GL errors=0
saved aircraft_lab/gear-after/starling-gear-main-half.png, GL errors=0
saved aircraft_lab/gear-after/starling-gear-nose-half.png, GL errors=0
saved aircraft_lab/gear-after/starling-gear-nose-turn.png, GL errors=0
saved aircraft_lab/gear-after/starling-flight.png, GL errors=0
saved aircraft_lab/gear-after/xr9-specter-gear-main.png, GL errors=0
saved aircraft_lab/gear-after/xr9-specter-gear-nose.png, GL errors=0
saved aircraft_lab/gear-after/xr9-specter-gear-main-half.png, GL errors=0
saved aircraft_lab/gear-after/xr9-specter-gear-nose-half.png, GL errors=0
saved aircraft_lab/gear-after/xr9-specter-gear-nose-turn.png, GL errors=0
saved aircraft_lab/gear-after/xr9-specter-flight.png, GL errors=0
saved aircraft_lab/gear-after/xr11-wraith-gear-main.png, GL errors=0
saved aircraft_lab/gear-after/xr11-wraith-gear-nose.png, GL errors=0
saved aircraft_lab/gear-after/xr11-wraith-gear-main-half.png, GL errors=0
saved aircraft_lab/gear-after/xr11-wraith-gear-nose-half.png, GL errors=0
saved aircraft_lab/gear-after/xr11-wraith-gear-nose-turn.png, GL errors=0
saved aircraft_lab/gear-after/xr11-wraith-flight.png, GL errors=0
