CMakeLists.txt: OK
src/aero.cpp: OK
src/aero.h: OK
src/aero_strips.cpp: OK
src/aero_wake.cpp: OK
src/aero_wake.h: OK
src/aircraft.cpp: OK
src/aircraft.h: OK
src/aircraft_hull.cpp: OK
src/aircraft_mesh.cpp: OK
src/aircraft_mesh_overhead.h: OK
src/aircraft_perf.cpp: OK
src/aircraft_stunt.cpp: OK
src/airport_layout.h: OK
src/airport_scenery.cpp: OK
src/atc.cpp: OK
src/atc.h: OK
src/audio.cpp: OK
src/audio.h: OK
src/benchmark_metrics.h: OK
src/breakup.cpp: OK
src/breakup.h: OK
src/camera_feeds.cpp: OK
src/career.cpp: OK
src/career.h: OK
src/cockpit_focus_zoom.h: OK
src/cockpit_layout_data.h: OK
src/common.h: OK
src/entities.cpp: OK
src/entities.h: OK
src/entity_bounds.h: OK
src/entity_lod.h: OK
src/entity_mesh.cpp: OK
src/entity_mesh.h: OK
src/entity_mesh_airport.inc: OK
src/entity_mesh_buildings.inc: OK
src/entity_mesh_nature.inc: OK
src/entity_render.cpp: OK
src/entity_shaders.h: OK
src/exhaust.h: OK
src/feed_cameras.h: OK
src/font_data.h: OK
src/game.cpp: OK
src/game.h: OK
src/game_research_ui.cpp: OK
src/game_ui.cpp: OK
src/game_wraith.cpp: OK
src/gl.cpp: OK
src/gl.h: OK
src/ground_vehicle.h: OK
src/hangar_catalog.h: OK
src/hangar_preview.h: OK
src/hull_mesh.h: OK
src/keys.h: OK
src/load_pacer.h: OK
src/materials.cpp: OK
src/materials.h: OK
src/menu_layout.h: OK
src/mesh_simplify.h: OK
src/mesh_validation.h: OK
src/models.cpp: OK
src/models.h: OK
src/platform_win32.cpp: OK
src/prop_disc.cpp: OK
src/prop_disc.h: OK
src/radio.h: OK
src/radio_stub.cpp: OK
src/radio_win.cpp: OK
src/raster_renderer.cpp: OK
src/renderer.cpp: OK
src/renderer.h: OK
src/scenery.cpp: OK
src/scenery.h: OK
src/shader_prune.h: OK
src/shaders.h: OK
src/shaders/af_shmap.glsl: OK
src/shaders/cabin_windows.glsl: OK
src/shaders/cloud_acc_fs.glsl: OK
src/shaders/cloud_comp_fs.glsl: OK
src/shaders/cloud_main.glsl: OK
src/shaders/clouds.glsl: OK
src/shaders/cockpit_fittings.glsl: OK
src/shaders/cockpit_layout.glsl: OK
src/shaders/cockpit_material.glsl: OK
src/shaders/common.glsl: OK
src/shaders/disp_main.glsl: OK
src/shaders/down_fs.glsl: OK
src/shaders/effects_fs.glsl: OK
src/shaders/ent_common.glsl: OK
src/shaders/ent_fs1.glsl: OK
src/shaders/ent_fs2.glsl: OK
src/shaders/ent_shadow_fs.glsl: OK
src/shaders/ent_vs.glsl: OK
src/shaders/feed_rays_fs.glsl: OK
src/shaders/feeds.glsl: OK
src/shaders/fullscreen_vs.glsl: OK
src/shaders/g_lens.glsl: OK
src/shaders/gb_write.glsl: OK
src/shaders/gbuffer.glsl: OK
src/shaders/hull_bake_main.glsl: OK
src/shaders/light_common.glsl: OK
src/shaders/light_fs.glsl: OK
src/shaders/map_main.glsl: OK
src/shaders/material_common.glsl: OK
src/shaders/noise_tex.glsl: OK
src/shaders/objects_fs.glsl: OK
src/shaders/plane_common.glsl: OK
src/shaders/plane_fx.glsl: OK
src/shaders/plane_gb.glsl: OK
src/shaders/plane_light.glsl: OK
src/shaders/plane_material.glsl: OK
src/shaders/plane_mesh_fs.glsl: OK
src/shaders/plane_mesh_vs.glsl: OK
src/shaders/plane_parts.glsl: OK
src/shaders/plane_screens.glsl: OK
src/shaders/plane_sdf.glsl: OK
src/shaders/plane_trace.glsl: OK
src/shaders/post_fs.glsl: OK
src/shaders/prop_disc_fs.glsl: OK
src/shaders/prop_disc_vs.glsl: OK
src/shaders/propeller.glsl: OK
src/shaders/ray_fs.glsl: OK
src/shaders/ray_mask_fs.glsl: OK
src/shaders/raytrace_displays.glsl: OK
src/shaders/raytrace_text.glsl: OK
src/shaders/raytrace_ufo.glsl: OK
src/shaders/research_cockpit_layout.glsl: OK
src/shaders/rt_io.glsl: OK
src/shaders/rt_prims.glsl: OK
src/shaders/scene_uniforms.glsl: OK
src/shaders/shadow_proxy_fs.glsl: OK
src/shaders/sprite_fs.glsl: OK
src/shaders/sprite_vs.glsl: OK
src/shaders/taa_fs.glsl: OK
src/shaders/terrain_fs.glsl: OK
src/shaders/terrain_material.glsl: OK
src/shaders/terrain_trace.glsl: OK
src/shaders/terrain_vs.glsl: OK
src/shaders/tsh_bake_main.glsl: OK
src/shaders/ui_fs.glsl: OK
src/shaders/ui_vs.glsl: OK
src/shaders/up_fs.glsl: OK
src/shaders/view_uniforms.glsl: OK
src/shaders/water.glsl: OK
src/shaders/water_fs.glsl: OK
src/shaders/water_vs.glsl: OK
src/shaders/wraith_cockpit_common.glsl: OK
src/shaders/wraith_cockpit_material.glsl: OK
src/shaders/wraith_cockpit_sdf.glsl: OK
src/shaders/wraith_fx.glsl: OK
src/shaders/wraith_material.glsl: OK
src/shaders/wraith_sdf.glsl: OK
src/shaders/wreck_clip.glsl: OK
src/shaders_wraith_cockpit.h: OK
src/terrain_mesh.cpp: OK
src/third_party/stb_image.h: OK
src/traffic.cpp: OK
src/traffic.h: OK
src/volcano_effects.h: OK
src/weather.cpp: OK
src/weather.h: OK
src/wheel_motion.h: OK
src/world.cpp: OK
src/world.h: OK
tests/UI_REVIEW.md: OK
tests/__pycache__/environment_scan_assets_test.cpython-312.pyc: OK
tests/aero_test.cpp: OK
tests/aero_wake_test.cpp: OK
tests/aircraft_scale_review_harness.cpp: OK
tests/aircraft_specialization_test.py: OK
tests/aircraft_visual_test.cpp: OK
tests/airport_construction_detail_test.cpp: OK
tests/airport_environment_test.cpp: OK
tests/airport_layout_test.cpp: OK
tests/autoland_sweep.cpp: OK
tests/breakup_test.cpp: OK
tests/cockpit_camera_test.cpp: OK
tests/cockpit_focus_zoom_test.cpp: OK
tests/cockpit_layout_test.cpp: OK
tests/community_layout_test.cpp: OK
tests/conventional_cockpit_layout_test.py: OK
tests/encounter_timing_test.cpp: OK
tests/entity_raycast_test.cpp: OK
tests/envelope_test.cpp: OK
tests/environment_asset_mesh_test.cpp: OK
tests/environment_asset_review_harness.cpp: FAILED
tests/environment_building_test.cpp: OK
tests/environment_chunk_bounds_test.cpp: OK
tests/environment_close_bounds_test.cpp: OK
tests/environment_close_detail_test.cpp: OK
tests/environment_foliage_test.cpp: OK
tests/environment_nature_detail_test.cpp: OK
tests/environment_review_diagnostics.h: OK
tests/environment_review_harness.cpp: OK
tests/environment_scale_audit.cpp: OK
tests/environment_scan_assets_test.py: OK
tests/exhaust_test.cpp: OK
tests/fixtures/RUNWAY_BASELINE.md: OK
tests/fixtures/community_chunk_benchmark.cpp: OK
tests/fixtures/generate_runway_golden.cpp: OK
tests/fixtures/generate_world_height_golden.cpp: OK
tests/fixtures/runway_material_52317bb.glsl: OK
tests/fixtures/runways_52317bb.golden: OK
tests/fixtures/shoreline_entity_audit.cpp: OK
tests/fixtures/world_height_52317bb.golden: OK
tests/fixtures/world_terrain_array_audit.cpp: OK
tests/flight_test.cpp: OK
tests/free_flight_regression.inc: OK
tests/gameplay_test.cpp: OK
tests/hangar_catalog_test.cpp: OK
tests/hangar_geometry_test.cpp: OK
tests/hull_test.cpp: OK
tests/inline_wreck_shader_test.py: OK
tests/lesson_voice_regression.inc: OK
tests/load_pacer_test.cpp: OK
tests/mesh_simplify_test.cpp: OK
tests/mesh_validation_test.cpp: OK
tests/pilot_exam.cpp: OK
tests/progression_test.cpp: OK
tests/prop_disc_test.cpp: OK
tests/propeller_visual_test.cpp: OK
tests/render_harness.cpp: OK
tests/research_cockpit_layout_test.cpp: OK
tests/runway_preservation_test.cpp: OK
tests/save_test.cpp: OK
tests/shader_keyword_test.cpp: OK
tests/shader_prune_test.cpp: OK
tests/state_regression.inc: OK
tests/terrain_material_math_test.cpp: OK
tests/terrain_material_test.py: OK
tests/terrain_shadow_test.cpp: OK
tests/ui_review_harness.cpp: OK
tests/volcano_effects_test.cpp: OK
tests/world_cache_test.cpp: OK
tools/__pycache__/environment_benchmark.cpython-312.pyc: OK
tools/__pycache__/pack_environment_scans.cpython-312.pyc: OK
tools/embed_shaders.cmake: OK
tools/environment_benchmark.py: OK
tools/gen_font.py: OK
tools/generate_cockpit_layouts.py: OK
tools/generate_icon.py: OK
tools/material_dump.cpp: OK
tools/pack_environment_scans.py: OK
tools/pack_materials.py: OK
tools/prepare_ui_hangar_adapter.py: OK
tools/render_client.sh: OK
tools/shader_check.cmake: OK
tools/shader_check.cpp: OK
tools/ui_review_contact_sheet.py: OK
tools/validation/ENVIRONMENT_REVIEW.md: FAILED
tools/validation/README.md: OK
tools/validation/__pycache__/analyze_frames.cpython-312.pyc: OK
tools/validation/__pycache__/audit_shadow_readback.cpython-312.pyc: OK
tools/validation/__pycache__/compare_environment_review.cpython-312.pyc: OK
tools/validation/__pycache__/compose_asset_overview.cpython-312.pyc: OK
tools/validation/__pycache__/compose_asset_review.cpython-312.pyc: OK
tools/validation/__pycache__/prepare_environment_review_adapter.cpython-312.pyc: OK
tools/validation/__pycache__/record_review_snapshot.cpython-312.pyc: OK
tools/validation/analyze_frames.py: OK
tools/validation/audit_night_emission.py: OK
tools/validation/audit_shadow_readback.py: OK
tools/validation/bake_dispatch_test.cpp: OK
tools/validation/benchmark_metrics_test.cpp: OK
tools/validation/benchmark_query_mock_test.py: OK
tools/validation/compare_environment_review.py: OK
tools/validation/compose_asset_overview.py: OK
tools/validation/compose_asset_review.py: OK
tools/validation/entity_submission_probe.cpp: OK
tools/validation/export_shadow_fixture_mesh.cpp: OK
tools/validation/extract.py: OK
tools/validation/nature_cold_density_probe.cpp: OK
tools/validation/nature_submission_probe.cpp: OK
tools/validation/prepare_environment_review_adapter.py: OK
tools/validation/record_review_snapshot.py: OK
tools/validation/reference_hull_bake_main.glsl: OK
tools/validation/run_cpu.py: OK
tools/validation/shader_lifetime_test.cpp: OK
tools/validation/shader_progress_contract.py: OK
tools/validation/test_analyze_frames.py: OK
tools/validation/test_environment_runner.py: OK
tools/voice_import.py: OK
tools/voice_lesson_helpers/README.md: OK
tools/voice_lesson_helpers/asr-model.json: OK
tools/voice_lesson_helpers/audio_master.py: OK
tools/voice_lesson_helpers/headset_filter.py: OK
tools/voice_lesson_helpers/offline_guard.py: OK
tools/voice_lesson_helpers/requirements-asr.txt: OK
tools/voice_lesson_helpers/requirements.txt: OK
tools/voice_lesson_render.py: OK
tools/voice_lesson_screen.py: OK
tools/voice_lesson_verify.py: OK
sha256sum: WARNING: 2 computed checksums did NOT match
