[0/2] Re-checking globbed directories...
[1/22] Building CXX object CMakeFiles/game_objs.dir/src/traffic.cpp.o
[2/22] Building CXX object CMakeFiles/game_objs.dir/src/game_ui.cpp.o
[3/22] Building CXX object CMakeFiles/game_objs.dir/src/game_research_ui.cpp.o
[4/22] Building CXX object CMakeFiles/game_objs.dir/src/game.cpp.o
[5/22] Building CXX object CMakeFiles/game_objs.dir/src/game_wraith.cpp.o
[6/22] Building CXX object CMakeFiles/game_objs.dir/src/raster_renderer.cpp.o
[7/22] Building CXX object CMakeFiles/game_objs.dir/src/prop_disc.cpp.o
[8/22] Building CXX object CMakeFiles/game_objs.dir/src/terrain_mesh.cpp.o
[9/22] Building CXX object CMakeFiles/game_objs.dir/src/renderer.cpp.o
[10/22] Building CXX object CMakeFiles/game_objs.dir/src/entity_render.cpp.o
[11/22] Building CXX object CMakeFiles/game_objs.dir/src/aircraft_mesh.cpp.o
[12/22] Building CXX object CMakeFiles/game_objs.dir/src/camera_feeds.cpp.o
[13/22] Building CXX object CMakeFiles/game_objs.dir/src/aircraft_hull.cpp.o
[14/22] Building CXX object CMakeFiles/volcano_effects_test.dir/tests/volcano_effects_test.cpp.o
[15/22] Linking CXX executable volcano_effects_test
[16/22] Building CXX object CMakeFiles/cockpit_camera_test.dir/tests/cockpit_camera_test.cpp.o
[17/22] Linking CXX executable cockpit_camera_test
[18/22] Building CXX object CMakeFiles/encounter_timing_test.dir/tests/encounter_timing_test.cpp.o
[19/22] Linking CXX executable encounter_timing_test
[20/22] Building CXX object CMakeFiles/gameplay_test.dir/tests/gameplay_test.cpp.o
[21/22] Linking CXX executable gameplay_test
